// 重构日志: 86174444
// 重构日志: a47a12b3
// 重构日志: 60fc6535
// 同步 ID: 63df76e6 @ Fri Jul 24 07:23:55 UTC 2026
// 同步 ID: 1959ebca @ Fri Jul 24 12:31:21 UTC 2026
// 重构日志: 136c0236
// 重构日志: 07a99a29
// 同步 ID: 7a188ea3 @ Mon Jul 27 21:27:58 UTC 2026
// 重构日志: a94337c9
// 同步 ID: 20d839fe @ Tue Jul 28 10:58:16 UTC 2026
// 同步 ID: 1a03df13 @ Tue Jul 28 18:10:55 UTC 2026
// 重构日志: b42aa237
// 同步 ID: 80732b74 @ Fri Jul 31 11:26:36 UTC 2026
// 重构日志: 18eb72f9
// 同步 ID: b978245a @ Mon Aug  3 12:21:59 UTC 2026
// 同步 ID: ab460bcf @ Tue Aug  4 10:37:50 UTC 2026
// 同步 ID: 48d34703 @ Wed Aug  5 07:14:55 UTC 2026
// 重构日志: e8d0d50f
// 重构日志: 46edba7f
// 重构日志: 10eac52b
// 重构日志: 76b3074d
// 重构日志: 59ea7104
// 同步 ID: 62fe743c @ Fri Aug  7 00:52:11 UTC 2026
// 重构日志: e7140b77
// 重构日志: af65d8ea
// 重构日志: d612d7d2
// 重构日志: 2a54ae06
// 同步 ID: 78436005 @ Fri Aug  7 15:57:43 UTC 2026
// 重构日志: 983a623f
// 同步 ID: 2c169099 @ Sat Aug  8 09:51:33 UTC 2026
// 重构日志: f99d8359
